TLC2 Version 2026.09.23.154203 (rev: 4260e47)
Running breadth-first search Model-Checking with fp 0 and seed 1 with 1 worker on 16 cores with 455MB heap and 64MB offheap memory [pid: 14468] (Windows 11 10.0 amd64, Eclipse Adoptium 25.0.2 64bit, MSBDiskFPSet, DiskStateQueue).
Parsing file C:\Users\aryan\AppData\Local\Temp\legit-tlc-_x92rvdf\Candidate.tla
Parsing file C:\Users\aryan\AppData\Local\Temp\tlc-7660053181343953378\Naturals.tla (jar:file:/C:/Users/aryan/.vscode/extensions/tlaplus.vscode-ide-2026.9.231551/tools/tla2tools.jar!/tla2sany/StandardModules/Naturals.tla)
Parsing file C:\Users\aryan\AppData\Local\Temp\tlc-7660053181343953378\_TLCTrace.tla (jar:file:/C:/Users/aryan/.vscode/extensions/tlaplus.vscode-ide-2026.9.231551/tools/tla2tools.jar!/tla2sany/StandardModules/_TLCTrace.tla)
Parsing file C:\Users\aryan\AppData\Local\Temp\tlc-7660053181343953378\TLC.tla (jar:file:/C:/Users/aryan/.vscode/extensions/tlaplus.vscode-ide-2026.9.231551/tools/tla2tools.jar!/tla2sany/StandardModules/TLC.tla)
Parsing file C:\Users\aryan\AppData\Local\Temp\tlc-7660053181343953378\TLCExt.tla (jar:file:/C:/Users/aryan/.vscode/extensions/tlaplus.vscode-ide-2026.9.231551/tools/tla2tools.jar!/tla2sany/StandardModules/TLCExt.tla)
Parsing file C:\Users\aryan\AppData\Local\Temp\tlc-7660053181343953378\Sequences.tla (jar:file:/C:/Users/aryan/.vscode/extensions/tlaplus.vscode-ide-2026.9.231551/tools/tla2tools.jar!/tla2sany/StandardModules/Sequences.tla)
Parsing file C:\Users\aryan\AppData\Local\Temp\tlc-7660053181343953378\FiniteSets.tla (jar:file:/C:/Users/aryan/.vscode/extensions/tlaplus.vscode-ide-2026.9.231551/tools/tla2tools.jar!/tla2sany/StandardModules/FiniteSets.tla)
Parsing file C:\Users\aryan\AppData\Local\Temp\tlc-7660053181343953378\Integers.tla (jar:file:/C:/Users/aryan/.vscode/extensions/tlaplus.vscode-ide-2026.9.231551/tools/tla2tools.jar!/tla2sany/StandardModules/Integers.tla)
Semantic processing of module Naturals
Semantic processing of module Sequences
Semantic processing of module FiniteSets
Semantic processing of module TLC
Semantic processing of module Integers
Semantic processing of module TLCExt
Semantic processing of module _TLCTrace
Semantic processing of module Candidate
Linting of module TLCExt
Linting of module _TLCTrace
Linting of module Candidate
Starting... (2026-09-24 23:38:26)
Implied-temporal checking--satisfiability problem has 2 branches.
Computing initial states...
Finished computing initial states: 1 distinct state generated at 2026-09-24 23:38:26.
Progress(11) at 2026-09-24 23:38:26: 85 states generated, 48 distinct states found, 0 states left on queue.
Checking 2 branches of temporal properties for the complete state space with 96 total distinct states at (2026-09-24 23:38:27)
Finished checking temporal properties in 00s at 2026-09-24 23:38:27
Model checking completed. No error has been found.
  Estimates of the probability that TLC did not check all reachable states
  because two distinct states had the same fingerprint:
  calculated (optimistic):  val = 9.6E-17
85 states generated, 48 distinct states found, 0 states left on queue.
The depth of the complete state graph search is 11.
The average outdegree of the complete state graph is 1 (minimum is 0, the maximum 3 and the 95th percentile is 2).
Finished in 00s at (2026-09-24 23:38:27)
