TLC2 Version 2026.09.23.154203 (rev: 4260e47)
Running breadth-first search Model-Checking with fp 0 and seed 1 with 1 worker on 16 cores with 455MB heap and 64MB offheap memory [pid: 29576] (Windows 11 10.0 amd64, Eclipse Adoptium 25.0.2 64bit, MSBDiskFPSet, DiskStateQueue).
Parsing file C:\Users\aryan\AppData\Local\Temp\legit-tlc-hryf2pmb\NVMeCCEnable.tla
Parsing file C:\Users\aryan\AppData\Local\Temp\tlc-4613840441039345303\Naturals.tla (jar:file:/C:/Users/aryan/.vscode/extensions/tlaplus.vscode-ide-2026.9.231551/tools/tla2tools.jar!/tla2sany/StandardModules/Naturals.tla)
Parsing file C:\Users\aryan\AppData\Local\Temp\tlc-4613840441039345303\FiniteSets.tla (jar:file:/C:/Users/aryan/.vscode/extensions/tlaplus.vscode-ide-2026.9.231551/tools/tla2tools.jar!/tla2sany/StandardModules/FiniteSets.tla)
Parsing file C:\Users\aryan\AppData\Local\Temp\tlc-4613840441039345303\_TLCTrace.tla (jar:file:/C:/Users/aryan/.vscode/extensions/tlaplus.vscode-ide-2026.9.231551/tools/tla2tools.jar!/tla2sany/StandardModules/_TLCTrace.tla)
Parsing file C:\Users\aryan\AppData\Local\Temp\tlc-4613840441039345303\Sequences.tla (jar:file:/C:/Users/aryan/.vscode/extensions/tlaplus.vscode-ide-2026.9.231551/tools/tla2tools.jar!/tla2sany/StandardModules/Sequences.tla)
Parsing file C:\Users\aryan\AppData\Local\Temp\tlc-4613840441039345303\TLC.tla (jar:file:/C:/Users/aryan/.vscode/extensions/tlaplus.vscode-ide-2026.9.231551/tools/tla2tools.jar!/tla2sany/StandardModules/TLC.tla)
Parsing file C:\Users\aryan\AppData\Local\Temp\tlc-4613840441039345303\TLCExt.tla (jar:file:/C:/Users/aryan/.vscode/extensions/tlaplus.vscode-ide-2026.9.231551/tools/tla2tools.jar!/tla2sany/StandardModules/TLCExt.tla)
Parsing file C:\Users\aryan\AppData\Local\Temp\tlc-4613840441039345303\Integers.tla (jar:file:/C:/Users/aryan/.vscode/extensions/tlaplus.vscode-ide-2026.9.231551/tools/tla2tools.jar!/tla2sany/StandardModules/Integers.tla)
Semantic processing of module Naturals
Semantic processing of module Sequences
Semantic processing of module FiniteSets
Semantic processing of module TLC
Semantic processing of module Integers
Semantic processing of module TLCExt
Semantic processing of module _TLCTrace
Semantic processing of module NVMeCCEnable
Linting of module TLCExt
Linting of module _TLCTrace
Linting of module NVMeCCEnable
Starting... (2026-09-25 00:32:41)
Implied-temporal checking--satisfiability problem has 2 branches.
Computing initial states...
Finished computing initial states: 1 distinct state generated at 2026-09-25 00:32:41.
Progress(16) at 2026-09-25 00:32:41: 103 states generated, 60 distinct states found, 0 states left on queue.
Checking 2 branches of temporal properties for the complete state space with 120 total distinct states at (2026-09-25 00:32:41)
Error: Temporal property ResetEventuallyDone was violated.

Error: The following behavior constitutes a counter-example:

State 1: <Initial predicate>
/\ cstsRdy = 0
/\ commandPhase = "idle"
/\ ccEn = 0
/\ processedCount = 0
/\ adminConfig = cfgA
/\ completedCount = 0

State 2: <HostEnable line 67, col 5 to line 71, col 52 of module NVMeCCEnable>
/\ cstsRdy = 0
/\ commandPhase = "idle"
/\ ccEn = 1
/\ processedCount = 0
/\ adminConfig = cfgA
/\ completedCount = 0

State 3: <ControllerReady line 76, col 5 to line 80, col 52 of module NVMeCCEnable>
/\ cstsRdy = 1
/\ commandPhase = "idle"
/\ ccEn = 1
/\ processedCount = 0
/\ adminConfig = cfgA
/\ completedCount = 0

State 4: <HostDisable line 86, col 5 to line 90, col 73 of module NVMeCCEnable>
/\ cstsRdy = 1
/\ commandPhase = "idle"
/\ ccEn = 0
/\ processedCount = 0
/\ adminConfig = cfgA
/\ completedCount = 0

State 5: Stuttering
Finished checking temporal properties in 00s at 2026-09-25 00:32:41
103 states generated, 60 distinct states found, 0 states left on queue.
The depth of the complete state graph search is 16.
Finished in 01s at (2026-09-25 00:32:41)
Trace exploration spec path: .\NVMeCCEnable_TTrace_1790321560.tla
